diagnostics.file_log=enabled
diagnostics.log_file=/data/data/com.termux/files/home/storage/downloads/liba32android-probe.log
diagnostics.shared_download=unavailable
diagnostics.crash_markers=enabled
probe.version=2
android.api=26
arch=aarch64
page_size=4096
kernel.sysname=Linux
kernel.release=6.6.102-android15-8-abA566EXXSDCZHB-4k
kernel.version=#1 SMP PREEMPT Thu Aug 20 01:37:02 UTC 2026
kernel.machine=aarch64
mmap_min_addr.status=unavailable
mmap_min_addr.errno=13
mmap_min_addr.error=Permission denied
low_maps.status=ok
low_maps.count=0
low_maps.printed=0
low_maps.truncated=false
fastmem_4g.status=reserved
fastmem_4g.base=0x7888058000
fastmem_4g.end=0x7988058000
fastmem_4g.base_below_4g=false
fastmem_4g.commit_page=success
fastmem_4g.unmap=success
fixed_noreplace.0.request=0x10000
fixed_noreplace.0.actual=0x10000
fixed_noreplace.0.status=exact
fixed_noreplace.0.collision_errno=17
fixed_noreplace.0.collision=EEXIST
fixed_noreplace.1.request=0x100000
fixed_noreplace.1.actual=0x100000
fixed_noreplace.1.status=exact
fixed_noreplace.1.collision_errno=17
fixed_noreplace.1.collision=EEXIST
fixed_noreplace.2.request=0x1000000
fixed_noreplace.2.actual=0x1000000
fixed_noreplace.2.status=exact
fixed_noreplace.2.collision_errno=17
fixed_noreplace.2.collision=EEXIST
fixed_noreplace.3.request=0x10000000
fixed_noreplace.3.actual=0x10000000
fixed_noreplace.3.status=exact
fixed_noreplace.3.collision_errno=17
fixed_noreplace.3.collision=EEXIST
fixed_noreplace.4.request=0x40000000
fixed_noreplace.4.actual=0x40000000
fixed_noreplace.4.status=exact
fixed_noreplace.4.collision_errno=17
fixed_noreplace.4.collision=EEXIST
fixed_noreplace.5.request=0x80000000
fixed_noreplace.5.actual=0x80000000
fixed_noreplace.5.status=exact
fixed_noreplace.5.collision_errno=17
fixed_noreplace.5.collision=EEXIST
jit_wx.mprotect_rw_to_rx=success
jit_wx.execute=RUN
jit_wx.result=42
jit_wx.result_check=PASS
probe.complete=true
